  - Model: `trained/2025-10-08_01:59:39_epoch20_on_self.pth`
    - Test `01`: FAIL ( IJIim != AAXUE )
    - Test `02`: FAIL ( zv6ZK != jw62k )
    - Test `03`: FAIL ( i1IgE != mwxe2 )
    - Test `04`: FAIL ( W9HWi != XDHYN )
    - Test `05`: FAIL ( x427K != xmqki )
    - Test `06`: FAIL ( 6fHNW != 28ivw )
      - Overall Accuracy: `0.00` % (Total `6`, Pass `0`, Fail `6`)
  - Model: `trained/2025-10-07_23:25:46_epoch12_on_self.pth`
    - Test `01`: FAIL ( n11yy != AAXUE )
    - Test `02`: FAIL ( tv622 != jw62k )
    - Test `03`: FAIL ( IlIIy != mwxe2 )
    - Test `04`: FAIL ( i9HHi != XDHYN )
    - Test `05`: FAIL ( 472Jf != xmqki )
    - Test `06`: FAIL ( ifjMm != 28ivw )
      - Overall Accuracy: `0.00` % (Total `6`, Pass `0`, Fail `6`)
  - Model: `trained/2025-10-07_21:30:18_epoch06_on_self.pth`
    - Test `01`: FAIL ( 1jc1j != AAXUE )
    - Test `02`: FAIL ( dwU6k != jw62k )
    - Test `03`: FAIL ( lfI3V != mwxe2 )
    - Test `04`: FAIL ( iDHHN != XDHYN )
    - Test `05`: FAIL ( 73cSK != xmqki )
    - Test `06`: FAIL ( bf1wW != 28ivw )
      - Overall Accuracy: `0.00` % (Total `6`, Pass `0`, Fail `6`)
  - Model: `trained/2025-10-07_22:08:51_epoch08_on_self.pth`
    - Test `01`: FAIL ( df11J != AAXUE )
    - Test `02`: FAIL ( svu22 != jw62k )
    - Test `03`: FAIL ( qllIN != mwxe2 )
    - Test `04`: FAIL ( 8DHHU != XDHYN )
    - Test `05`: FAIL ( 43a4f != xmqki )
    - Test `06`: FAIL ( 2NjWW != 28ivw )
      - Overall Accuracy: `0.00` % (Total `6`, Pass `0`, Fail `6`)
  - Model: `trained/2025-10-07_21:11:02_epoch05_on_self.pth`
    - Test `01`: FAIL ( fjl3j != AAXUE )
    - Test `02`: FAIL ( xwJ6k != jw62k )
    - Test `03`: FAIL ( lIfgm != mwxe2 )
    - Test `04`: FAIL ( GDHHN != XDHYN )
    - Test `05`: FAIL ( xm7KK != xmqki )
    - Test `06`: FAIL ( 4fjmm != 28ivw )
      - Overall Accuracy: `0.00` % (Total `6`, Pass `0`, Fail `6`)
  - Model: `trained/2025-10-08_00:04:19_epoch14_on_self.pth`
    - Test `01`: FAIL ( I1Igy != AAXUE )
    - Test `02`: FAIL ( zvlj2 != jw62k )
    - Test `03`: FAIL ( I1IIm != mwxe2 )
    - Test `04`: FAIL ( 8DHHi != XDHYN )
    - Test `05`: FAIL ( 142fz != xmqki )
    - Test `06`: FAIL ( 9f4WW != 28ivw )
      - Overall Accuracy: `0.00` % (Total `6`, Pass `0`, Fail `6`)
  - Model: `trained/2025-10-07_20:51:47_epoch04_on_self.pth`
    - Test `01`: FAIL ( JjjiJ != AAXUE )
    - Test `02`: FAIL ( cv662 != jw62k )
    - Test `03`: FAIL ( Qrljl != mwxe2 )
    - Test `04`: FAIL ( WBMMM != XDHYN )
    - Test `05`: FAIL ( amaaC != xmqki )
    - Test `06`: FAIL ( ZHjMW != 28ivw )
      - Overall Accuracy: `0.00` % (Total `6`, Pass `0`, Fail `6`)
  - Model: `trained/2025-10-08_01:21:17_epoch18_on_self.pth`
    - Test `01`: FAIL ( 1FI6l != AAXUE )
    - Test `02`: FAIL ( zvY2K != jw62k )
    - Test `03`: FAIL ( Jr1jw != mwxe2 )
    - Test `04`: FAIL ( 8DHHt != XDHYN )
    - Test `05`: FAIL ( x427k != xmqki )
    - Test `06`: FAIL ( MHMNF != 28ivw )
      - Overall Accuracy: `0.00` % (Total `6`, Pass `0`, Fail `6`)
  - Model: `trained/2025-10-07_19:53:55_epoch01_on_self.pth`
    - Test `01`: FAIL ( jiiIj != AAXUE )
    - Test `02`: FAIL ( ywe2z != jw62k )
    - Test `03`: FAIL ( jaWjj != mwxe2 )
    - Test `04`: FAIL ( sDHHN != XDHYN )
    - Test `05`: FAIL ( x92fC != xmqki )
    - Test `06`: FAIL ( 2pAKM != 28ivw )
      - Overall Accuracy: `0.00` % (Total `6`, Pass `0`, Fail `6`)
  - Model: `trained/2025-10-08_00:23:32_epoch15_on_self.pth`
    - Test `01`: FAIL ( 11l4u != AAXUE )
    - Test `02`: FAIL ( xv5zk != jw62k )
    - Test `03`: FAIL ( I1jpj != mwxe2 )
    - Test `04`: FAIL ( YDmHi != XDHYN )
    - Test `05`: FAIL ( 7m4dC != xmqki )
    - Test `06`: FAIL ( MBjWW != 28ivw )
      - Overall Accuracy: `0.00` % (Total `6`, Pass `0`, Fail `6`)
  - Model: `trained/2025-10-07_22:28:00_epoch09_on_self.pth`
    - Test `01`: FAIL ( 1qI9j != AAXUE )
    - Test `02`: FAIL ( 4tgg2 != jw62k )
    - Test `03`: FAIL ( LlIiy != mwxe2 )
    - Test `04`: FAIL ( wDHHN != XDHYN )
    - Test `05`: FAIL ( A3afc != xmqki )
    - Test `06`: FAIL ( 2fffE != 28ivw )
      - Overall Accuracy: `0.00` % (Total `6`, Pass `0`, Fail `6`)
  - Model: `trained/2025-10-07_20:13:10_epoch02_on_self.pth`
    - Test `01`: FAIL ( 3fJjj != AAXUE )
    - Test `02`: FAIL ( cv922 != jw62k )
    - Test `03`: FAIL ( lqlyL != mwxe2 )
    - Test `04`: FAIL ( 8DHHN != XDHYN )
    - Test `05`: FAIL ( x3214 != xmqki )
    - Test `06`: FAIL ( ZMHMK != 28ivw )
      - Overall Accuracy: `0.00` % (Total `6`, Pass `0`, Fail `6`)
  - Model: `trained/2025-10-08_00:42:49_epoch16_on_self.pth`
    - Test `01`: FAIL ( l7Ian != AAXUE )
    - Test `02`: FAIL ( z97G2 != jw62k )
    - Test `03`: FAIL ( IeIiU != mwxe2 )
    - Test `04`: FAIL ( wDHHi != XDHYN )
    - Test `05`: FAIL ( vaq2k != xmqki )
    - Test `06`: FAIL ( 2HjKi != 28ivw )
      - Overall Accuracy: `0.00` % (Total `6`, Pass `0`, Fail `6`)
  - Model: `trained/2025-10-08_01:02:03_epoch17_on_self.pth`
    - Test `01`: FAIL ( 17I24 != AAXUE )
    - Test `02`: FAIL ( vuVZK != jw62k )
    - Test `03`: FAIL ( lI1iV != mwxe2 )
    - Test `04`: FAIL ( 8DmHN != XDHYN )
    - Test `05`: FAIL ( vnq7K != xmqki )
    - Test `06`: FAIL ( 5MjNW != 28ivw )
      - Overall Accuracy: `0.00` % (Total `6`, Pass `0`, Fail `6`)
  - Model: `trained/2025-10-07_20:32:29_epoch03_on_self.pth`
    - Test `01`: FAIL ( J7q3L != AAXUE )
    - Test `02`: FAIL ( av92Z != jw62k )
    - Test `03`: FAIL ( J7l3Y != mwxe2 )
    - Test `04`: FAIL ( 8BHHK != XDHYN )
    - Test `05`: FAIL ( a341C != xmqki )
    - Test `06`: FAIL ( CjjKK != 28ivw )
      - Overall Accuracy: `0.00` % (Total `6`, Pass `0`, Fail `6`)
  - Model: `trained/2025-10-07_21:49:33_epoch07_on_self.pth`
    - Test `01`: FAIL ( 1j1jJ != AAXUE )
    - Test `02`: FAIL ( 4vu22 != jw62k )
    - Test `03`: FAIL ( DjI3H != mwxe2 )
    - Test `04`: FAIL ( fDHHW != XDHYN )
    - Test `05`: FAIL ( 4447c != xmqki )
    - Test `06`: FAIL ( 2fjMW != 28ivw )
      - Overall Accuracy: `0.00` % (Total `6`, Pass `0`, Fail `6`)
  - Model: `trained/2025-10-07_23:45:04_epoch13_on_self.pth`
    - Test `01`: FAIL ( I1Iyu != AAXUE )
    - Test `02`: FAIL ( za622 != jw62k )
    - Test `03`: FAIL ( tjIiM != mwxe2 )
    - Test `04`: FAIL ( wDMNN != XDHYN )
    - Test `05`: FAIL ( xma9f != xmqki )
    - Test `06`: FAIL ( mMjWW != 28ivw )
      - Overall Accuracy: `0.00` % (Total `6`, Pass `0`, Fail `6`)
  - Model: `trained/2025-10-07_22:47:15_epoch10_on_self.pth`
    - Test `01`: FAIL ( lJIQn != AAXUE )
    - Test `02`: FAIL ( zvUWK != jw62k )
    - Test `03`: FAIL ( Lvlqm != mwxe2 )
    - Test `04`: FAIL ( 8DHHi != XDHYN )
    - Test `05`: FAIL ( z4aKK != xmqki )
    - Test `06`: FAIL ( EfjWK != 28ivw )
      - Overall Accuracy: `0.00` % (Total `6`, Pass `0`, Fail `6`)
  - Model: `trained/2025-10-07_23:06:32_epoch11_on_self.pth`
    - Test `01`: FAIL ( jflyj != AAXUE )
    - Test `02`: FAIL ( aAJqZ != jw62k )
    - Test `03`: FAIL ( II1aJ != mwxe2 )
    - Test `04`: FAIL ( XDHHi != XDHYN )
    - Test `05`: FAIL ( an29f != xmqki )
    - Test `06`: FAIL ( jfjNW != 28ivw )
      - Overall Accuracy: `0.00` % (Total `6`, Pass `0`, Fail `6`)
  - Model: `trained/2025-10-08_01:40:31_epoch19_on_self.pth`
    - Test `01`: FAIL ( lWI2I != AAXUE )
    - Test `02`: FAIL ( zJy6z != jw62k )
    - Test `03`: FAIL ( 1Il5V != mwxe2 )
    - Test `04`: FAIL ( 8DHUj != XDHYN )
    - Test `05`: FAIL ( x3eXf != xmqki )
    - Test `06`: FAIL ( mHNNN != 28ivw )
      - Overall Accuracy: `0.00` % (Total `6`, Pass `0`, Fail `6`)
